// Jest Snapshot v1, https://goo.gl/fbAQLP

exports[`Movie card tab details component renders 1`] = `
<div
  className="movie-card__text movie-card__row"
>
  <div
    className="movie-card__text-col"
  >
    <p
      className="movie-card__details-item"
    >
      <strong
        className="movie-card__details-name"
      >
        Director
      </strong>
      <span
        className="movie-card__details-value"
      >
        Gardiner Stanton
      </span>
    </p>
    <p
      className="movie-card__details-item"
    >
      <strong
        className="movie-card__details-name"
      >
        Starring
      </strong>
      <span
        className="movie-card__details-value"
      >
        Bunnie Litchmore
        <br />
        Philippine Tick
        <br />
        Paige Keasey
        <br />
        Kikelia Agar
      </span>
    </p>
  </div>
  <div
    className="movie-card__text-col"
  >
    <p
      className="movie-card__details-item"
    >
      <strong
        className="movie-card__details-name"
      >
        Run Time
      </strong>
      <span
        className="movie-card__details-value"
      >
        3h 01m
      </span>
    </p>
    <p
      className="movie-card__details-item"
    >
      <strong
        className="movie-card__details-name"
      >
        Genre
      </strong>
      <span
        className="movie-card__details-value"
      >
        Thrller
      </span>
    </p>
    <p
      className="movie-card__details-item"
    >
      <strong
        className="movie-card__details-name"
      >
        Released
      </strong>
      <span
        className="movie-card__details-value"
      >
        1997
      </span>
    </p>
  </div>
</div>
`;
