// Jest Snapshot v1, https://goo.gl/fbAQLP

exports[`UserBlock component renders 1`] = `
<div
  className="user-block"
>
  <div
    className="user-block__avatar"
  >
    <img
      alt="User avatar"
      height="63"
      src="https://4.react.pages.academy/wtw/static/avatar/2.jpg"
      width="63"
    />
  </div>
</div>
`;
